---
source: crates/overseer-tui/tests/snapshots.rs
assertion_line: 828
expression: s
---
❯

 dashboard  settings  keys                  ↑/↓ · ←/→ · esc
  session     session
  cwd         /repo
  model       test-model
  mode        workspace
  state       idle
  tokens      0
  cost        $0.0000
  transcript  0 cells
