---
source: crates/overseer-tui/tests/snapshots.rs
expression: screen(&term)
---








❯ fix the flaky test
I'll look at the test file first.

  ls tests/
  ● bash  cargo test flaky
                                            1 step · $0.001
❯ ask anything  ·  ↑ panel  ·  ? keys
 workspace  /repo                       test-model · $0.0010
