---
source: crates/overseer-tui/tests/snapshots.rs
expression: s
---
❯ prompt 1
answer 1 line a
answer 1 line b
answer 1 line c

❯ prompt 2
answer 2 line a
answer 2 line b
answer 2 line c

❯ prompt 3
answer 3 line a
answer 3 line b
answer 3 line c

❯ prompt 4
answer 4 line a
❯ ask anything  ·  ↑ panel  ·  ? keys

                                                      ↑17
